
INITIALPATH:7:36: error:
    • Variable not found: name
    • In the quasi-quotation: [fmt|Hello {length name}|]
  |
7 | main = putStrLn [fmt|Hello {length name}|]
  |                                    ^^^^
