
INITIALPATH:7:52: error:
    • Variable not found: precision
    • In the quasi-quotation: [fmt|Hello {pi:.{truncate number + precision}}|]
  |
7 | main = putStrLn [fmt|Hello {pi:.{truncate number + precision}}|]
  |                                                    ^^^^^^^^^
